Testing with Session ID: test_session_1768240428
Saving title...
Retrieving title...
